INFO:werkzeug:[31m[1mWARNING: This is a development server. Do not use it in a production deployment. Use a production WSGI server instead.[0m
 * Running on all addresses (0.0.0.0)
 * Running on http://127.0.0.1:5000
 * Running on http://10.210.98.81:5000
INFO:werkzeug:[33mPress CTRL+C to quit[0m
INFO:werkzeug: * Restarting with stat
WARNING:werkzeug: * Debugger is active!
INFO:werkzeug: * Debugger PIN: 310-354-243
INFO:werkzeug:127.0.0.1 - - [08/Aug/2026 11:03:24] "GET /godmode HTTP/1.1" 200 -
INFO:werkzeug:127.0.0.1 - - [08/Aug/2026 11:03:24] "GET /login HTTP/1.1" 200 -
INFO:werkzeug: * Detected change in 'C:\\Users\\lithe\\Downloads\\security-scanner-routing-fixed (1)\\fix_icons.py', reloading
Exception in thread Thread-1 (serve_forever):
Traceback (most recent call last):
  File "C:\Users\lithe\AppData\Local\Programs\Python\Python311\Lib\threading.py", line 1045, in _bootstrap_inner
INFO:werkzeug: * Restarting with stat
WARNING:werkzeug: * Debugger is active!
INFO:werkzeug: * Debugger PIN: 310-354-243
INFO:werkzeug: * Detected change in 'C:\\Users\\lithe\\Downloads\\security-scanner-routing-fixed (1)\\fix_json.py', reloading
INFO:werkzeug: * Restarting with stat
WARNING:werkzeug: * Debugger is active!
INFO:werkzeug: * Debugger PIN: 310-354-243
INFO:werkzeug: * Detected change in 'C:\\Users\\lithe\\Downloads\\security-scanner-routing-fixed (1)\\fix_json.py', reloading
INFO:werkzeug: * Restarting with stat
WARNING:werkzeug: * Debugger is active!
INFO:werkzeug: * Debugger PIN: 310-354-243
INFO:werkzeug: * Detected change in 'C:\\Users\\lithe\\Downloads\\security-scanner-routing-fixed (1)\\fix_json.py', reloading
INFO:werkzeug: * Restarting with stat
WARNING:werkzeug: * Debugger is active!
INFO:werkzeug: * Debugger PIN: 310-354-243
INFO:werkzeug: * Detected change in 'C:\\Users\\lithe\\Downloads\\security-scanner-routing-fixed (1)\\app.py', reloading
INFO:werkzeug: * Restarting with stat
WARNING:werkzeug: * Debugger is active!
INFO:werkzeug: * Debugger PIN: 310-354-243
