
======================================================================
CYBERSEC - Security Testing Automation
======================================================================
Starting on http://localhost:5000
OAuth: Available
OWASP ZAP: Not running (using simulated scans)
======================================================================

 * Serving Flask app 'app'
 * Debug mode: on

======================================================================
CYBERSEC - Security Testing Automation
======================================================================
Starting on http://localhost:5000
OAuth: Available
OWASP ZAP: Not running (using simulated scans)
======================================================================


======================================================================
CYBERSEC - Security Testing Automation
======================================================================
Starting on http://localhost:5000
OAuth: Available
OWASP ZAP: Not running (using simulated scans)
======================================================================


======================================================================
CYBERSEC - Security Testing Automation
======================================================================
Starting on http://localhost:5000
OAuth: Available
OWASP ZAP: Not running (using simulated scans)
======================================================================


======================================================================
CYBERSEC - Security Testing Automation
======================================================================
Starting on http://localhost:5000
OAuth: Available
OWASP ZAP: Not running (using simulated scans)
======================================================================


======================================================================
CYBERSEC - Security Testing Automation
======================================================================
Starting on http://localhost:5000
OAuth: Available
OWASP ZAP: Not running (using simulated scans)
======================================================================

